Vor:
lft and rgt: (3.0,38.0) (6.0,11.0)
lft and rgt: (2.0,28.0) (3.0,38.0)
lft and rgt: (2.0,28.0) (6.0,11.0)
lft and rgt: (2.0,14.0) (2.0,28.0)
lft and rgt: (2.0,14.0) (6.0,11.0)
lft and rgt: (2.0,14.0) (5.0,11.0)
lft and rgt: (0.0,3.0) (2.0,14.0)
lft and rgt: (0.0,3.0) (5.0,11.0)
lft and rgt: (0.0,3.0) (6.0,10.0)
lft and rgt: (0.0,3.0) (4.0,0.0)
lft and rgt: (4.0,0.0) (6.0,10.0)
lft and rgt: (5.0,11.0) (6.0,10.0)
lft and rgt: (6.0,10.0) (6.0,11.0)
lft and rgt: (5.0,11.0) (6.0,11.0)
lft and rgt: (0.0,3.0) (2.0,28.0)
