Vor:
(0.0,7.0) (1.5,5.5)
lft and rgt: (0.0,5.0) (2.0,7.0)
(1.5,5.5) (-0.05555555555555558,2.388888888888889)
lft and rgt: (0.0,5.0) (2.0,4.0)
(-0.05555555555555558,2.388888888888889) (-2.0,2.0)
lft and rgt: (0.0,5.0) (1.0,0.0)
(3.0,1.625) (-0.05555555555555558,2.388888888888889)
lft and rgt: (2.0,4.0) (1.0,0.0)
(3.0,1.625) (3.0,-2.0)
lft and rgt: (1.0,0.0) (5.0,0.0)
(3.5,2.0) (3.0,1.625)
lft and rgt: (2.0,4.0) (5.0,0.0)
(3.5,2.0) (5.25,2.0)
lft and rgt: (5.0,0.0) (5.0,4.0)
(5.25,2.0) (7.5,0.5)
lft and rgt: (5.0,0.0) (7.0,3.0)
(6.785714285714286,5.071428571428571) (5.25,2.0)
lft and rgt: (5.0,4.0) (7.0,3.0)
(6.785714285714286,5.071428571428571) (8.5,5.5)
lft and rgt: (7.0,3.0) (6.0,7.0)
(4.0,6.0) (6.785714285714286,5.071428571428571)
lft and rgt: (5.0,4.0) (6.0,7.0)
(4.0,9.0) (4.0,6.0)
lft and rgt: (2.0,7.0) (6.0,7.0)
(4.0,6.0) (3.5,5.5)
lft and rgt: (2.0,7.0) (5.0,4.0)
(1.5,5.5) (3.5,5.5)
lft and rgt: (2.0,4.0) (2.0,7.0)
(3.5,5.5) (3.5,2.0)
lft and rgt: (2.0,4.0) (5.0,4.0)
